2025-05-21 09:04:18,374 - transvg_dino_vit_20250521_090346 - INFO - Initialized logger: transvg_dino_vit_20250521_090346
2025-05-21 09:04:18,374 - transvg_dino_vit_20250521_090346 - INFO - Configuration: {
  "data_root": "/home/pokle/Trans-VG/visual_grounding/dior-rsvg",
  "image_size": 384,
  "max_text_len": 40,
  "hidden_dim": 256,
  "bert_model": "bert-base-uncased",
  "dropout": 0.1,
  "num_heads": 8,
  "num_encoder_layers": 6,
  "cross_layers": 6,
  "dim_feedforward": 2048,
  "mlp_hidden_dim": 256,
  "vision_backbone": "dino_vit",
  "pretrained": true,
  "freeze_backbone": true,
  "partial_freeze_vision": true,
  "freeze_linguistic": false,
  "partial_freeze_linguistic": true,
  "batch_size": 16,
  "num_workers": 4,
  "learning_rate": 0.0001,
  "weight_decay": 0.0001,
  "num_epochs": 100,
  "lr": 5e-05,
  "lr_bert": 2e-05,
  "lr_drop": 70,
  "gradient_clip_val": 1.0,
  "output_dir": "output/dino_vit",
  "epochs": 200
}
2025-05-21 09:04:18,459 - transvg_dino_vit_20250521_090346 - INFO - Using device: cuda:0
2025-05-21 09:04:18,459 - transvg_dino_vit_20250521_090346 - INFO - Using DINO ViT backbone | Visual backbone freeze: True, Linguistic backbone freeze: False (vision: partially)
2025-05-21 09:04:18,459 - transvg_dino_vit_20250521_090346 - INFO - Building data loaders...
2025-05-21 09:04:19,716 - transvg_dino_vit_20250521_090346 - INFO - Train dataset size: 27133
2025-05-21 09:04:19,716 - transvg_dino_vit_20250521_090346 - INFO - Val dataset size: 3765
2025-05-21 09:04:19,716 - transvg_dino_vit_20250521_090346 - INFO - Test dataset size: 7422
2025-05-21 09:04:19,716 - transvg_dino_vit_20250521_090346 - INFO - Building model...
2025-05-21 09:04:32,606 - transvg_dino_vit_20250521_090346 - INFO - Loading checkpoint from /home/pokle/Trans-VG/visual_grounding/checkpoints/transvg_dino_vit_20250520_174900_epoch1.pth
2025-05-21 09:04:42,607 - transvg_dino_vit_20250521_090346 - INFO - Starting training...
2025-05-21 09:04:42,608 - transvg_dino_vit_20250521_090346 - INFO - Epoch 2/200
2025-05-21 09:04:53,151 - transvg_dino_vit_20250521_090346 - INFO - Epoch 2, Batch 0/1696, Loss: 3.8580
2025-05-21 09:04:53,152 - transvg_dino_vit_20250521_090346 - INFO - Train metrics: l1_loss: 0.4337 | giou_loss: 0.8447 | total_loss: 3.8580
2025-05-21 09:05:56,923 - transvg_dino_vit_20250521_090346 - INFO - Epoch 2, Batch 50/1696, Loss: 3.8942
2025-05-21 09:05:56,923 - transvg_dino_vit_20250521_090346 - INFO - Train metrics: l1_loss: 0.4068 | giou_loss: 0.9302 | total_loss: 3.8942
2025-05-21 09:07:04,612 - transvg_dino_vit_20250521_090346 - INFO - Epoch 2, Batch 100/1696, Loss: 3.7126
2025-05-21 09:07:04,613 - transvg_dino_vit_20250521_090346 - INFO - Train metrics: l1_loss: 0.3960 | giou_loss: 0.8663 | total_loss: 3.7126
2025-05-21 09:08:12,319 - transvg_dino_vit_20250521_090346 - INFO - Epoch 2, Batch 150/1696, Loss: 4.4577
2025-05-21 09:08:12,319 - transvg_dino_vit_20250521_090346 - INFO - Train metrics: l1_loss: 0.5021 | giou_loss: 0.9735 | total_loss: 4.4577
2025-05-21 09:09:20,314 - transvg_dino_vit_20250521_090346 - INFO - Epoch 2, Batch 200/1696, Loss: 4.6248
2025-05-21 09:09:20,315 - transvg_dino_vit_20250521_090346 - INFO - Train metrics: l1_loss: 0.5054 | giou_loss: 1.0489 | total_loss: 4.6248
2025-05-21 09:10:28,910 - transvg_dino_vit_20250521_090346 - INFO - Epoch 2, Batch 250/1696, Loss: 4.6467
2025-05-21 09:10:28,910 - transvg_dino_vit_20250521_090346 - INFO - Train metrics: l1_loss: 0.5061 | giou_loss: 1.0582 | total_loss: 4.6467
2025-05-21 09:11:36,762 - transvg_dino_vit_20250521_090346 - INFO - Epoch 2, Batch 300/1696, Loss: 3.7733
2025-05-21 09:11:36,763 - transvg_dino_vit_20250521_090346 - INFO - Train metrics: l1_loss: 0.4034 | giou_loss: 0.8782 | total_loss: 3.7733
2025-05-21 09:12:45,058 - transvg_dino_vit_20250521_090346 - INFO - Epoch 2, Batch 350/1696, Loss: 4.9015
2025-05-21 09:12:45,092 - transvg_dino_vit_20250521_090346 - INFO - Train metrics: l1_loss: 0.5649 | giou_loss: 1.0385 | total_loss: 4.9015
2025-05-21 09:13:54,117 - transvg_dino_vit_20250521_090346 - INFO - Epoch 2, Batch 400/1696, Loss: 3.8873
2025-05-21 09:13:54,117 - transvg_dino_vit_20250521_090346 - INFO - Train metrics: l1_loss: 0.4316 | giou_loss: 0.8646 | total_loss: 3.8873
2025-05-21 09:15:02,329 - transvg_dino_vit_20250521_090346 - INFO - Epoch 2, Batch 450/1696, Loss: 4.5557
2025-05-21 09:15:02,329 - transvg_dino_vit_20250521_090346 - INFO - Train metrics: l1_loss: 0.5054 | giou_loss: 1.0143 | total_loss: 4.5557
2025-05-21 09:16:11,466 - transvg_dino_vit_20250521_090346 - INFO - Epoch 2, Batch 500/1696, Loss: 5.3056
2025-05-21 09:16:11,467 - transvg_dino_vit_20250521_090346 - INFO - Train metrics: l1_loss: 0.6097 | giou_loss: 1.1287 | total_loss: 5.3056
2025-05-21 09:17:20,229 - transvg_dino_vit_20250521_090346 - INFO - Epoch 2, Batch 550/1696, Loss: 4.0011
2025-05-21 09:17:20,230 - transvg_dino_vit_20250521_090346 - INFO - Train metrics: l1_loss: 0.4073 | giou_loss: 0.9824 | total_loss: 4.0011
2025-05-21 09:18:28,948 - transvg_dino_vit_20250521_090346 - INFO - Epoch 2, Batch 600/1696, Loss: 4.5122
2025-05-21 09:18:28,949 - transvg_dino_vit_20250521_090346 - INFO - Train metrics: l1_loss: 0.5074 | giou_loss: 0.9876 | total_loss: 4.5122
2025-05-21 09:19:38,313 - transvg_dino_vit_20250521_090346 - INFO - Epoch 2, Batch 650/1696, Loss: 4.2904
2025-05-21 09:19:38,313 - transvg_dino_vit_20250521_090346 - INFO - Train metrics: l1_loss: 0.4549 | giou_loss: 1.0080 | total_loss: 4.2904
2025-05-21 09:20:47,111 - transvg_dino_vit_20250521_090346 - INFO - Epoch 2, Batch 700/1696, Loss: 4.1489
2025-05-21 09:20:47,111 - transvg_dino_vit_20250521_090346 - INFO - Train metrics: l1_loss: 0.4250 | giou_loss: 1.0119 | total_loss: 4.1489
2025-05-21 09:21:56,053 - transvg_dino_vit_20250521_090346 - INFO - Epoch 2, Batch 750/1696, Loss: 4.6382
2025-05-21 09:21:56,053 - transvg_dino_vit_20250521_090346 - INFO - Train metrics: l1_loss: 0.5342 | giou_loss: 0.9837 | total_loss: 4.6382
2025-05-21 09:23:05,534 - transvg_dino_vit_20250521_090346 - INFO - Epoch 2, Batch 800/1696, Loss: 4.0181
2025-05-21 09:23:05,534 - transvg_dino_vit_20250521_090346 - INFO - Train metrics: l1_loss: 0.4446 | giou_loss: 0.8975 | total_loss: 4.0181
2025-05-21 09:24:14,465 - transvg_dino_vit_20250521_090346 - INFO - Epoch 2, Batch 850/1696, Loss: 4.8349
2025-05-21 09:24:14,465 - transvg_dino_vit_20250521_090346 - INFO - Train metrics: l1_loss: 0.5421 | giou_loss: 1.0621 | total_loss: 4.8349
2025-05-21 09:25:23,561 - transvg_dino_vit_20250521_090346 - INFO - Epoch 2, Batch 900/1696, Loss: 5.1828
2025-05-21 09:25:23,561 - transvg_dino_vit_20250521_090346 - INFO - Train metrics: l1_loss: 0.5733 | giou_loss: 1.1583 | total_loss: 5.1828
2025-05-21 09:26:32,412 - transvg_dino_vit_20250521_090346 - INFO - Epoch 2, Batch 950/1696, Loss: 6.0542
2025-05-21 09:26:32,413 - transvg_dino_vit_20250521_090346 - INFO - Train metrics: l1_loss: 0.7280 | giou_loss: 1.2070 | total_loss: 6.0542
2025-05-21 09:27:41,714 - transvg_dino_vit_20250521_090346 - INFO - Epoch 2, Batch 1000/1696, Loss: 4.3883
2025-05-21 09:27:41,714 - transvg_dino_vit_20250521_090346 - INFO - Train metrics: l1_loss: 0.4681 | giou_loss: 1.0240 | total_loss: 4.3883
2025-05-21 09:28:50,983 - transvg_dino_vit_20250521_090346 - INFO - Epoch 2, Batch 1050/1696, Loss: 3.5255
2025-05-21 09:28:50,983 - transvg_dino_vit_20250521_090346 - INFO - Train metrics: l1_loss: 0.3509 | giou_loss: 0.8854 | total_loss: 3.5255
2025-05-21 09:29:59,871 - transvg_dino_vit_20250521_090346 - INFO - Epoch 2, Batch 1100/1696, Loss: 4.1731
2025-05-21 09:29:59,871 - transvg_dino_vit_20250521_090346 - INFO - Train metrics: l1_loss: 0.4369 | giou_loss: 0.9944 | total_loss: 4.1731
2025-05-21 09:31:08,894 - transvg_dino_vit_20250521_090346 - INFO - Epoch 2, Batch 1150/1696, Loss: 5.0794
2025-05-21 09:31:08,894 - transvg_dino_vit_20250521_090346 - INFO - Train metrics: l1_loss: 0.5951 | giou_loss: 1.0519 | total_loss: 5.0794
2025-05-21 09:32:18,423 - transvg_dino_vit_20250521_090346 - INFO - Epoch 2, Batch 1200/1696, Loss: 4.3826
2025-05-21 09:32:18,424 - transvg_dino_vit_20250521_090346 - INFO - Train metrics: l1_loss: 0.5045 | giou_loss: 0.9300 | total_loss: 4.3826
2025-05-21 09:33:27,704 - transvg_dino_vit_20250521_090346 - INFO - Epoch 2, Batch 1250/1696, Loss: 4.0904
2025-05-21 09:33:27,704 - transvg_dino_vit_20250521_090346 - INFO - Train metrics: l1_loss: 0.4444 | giou_loss: 0.9342 | total_loss: 4.0904
2025-05-21 09:34:36,619 - transvg_dino_vit_20250521_090346 - INFO - Epoch 2, Batch 1300/1696, Loss: 4.6911
2025-05-21 09:34:36,619 - transvg_dino_vit_20250521_090346 - INFO - Train metrics: l1_loss: 0.5655 | giou_loss: 0.9318 | total_loss: 4.6911
2025-05-21 09:35:44,433 - transvg_dino_vit_20250521_090346 - INFO - Epoch 2, Batch 1350/1696, Loss: 3.8524
2025-05-21 09:35:44,433 - transvg_dino_vit_20250521_090346 - INFO - Train metrics: l1_loss: 0.4093 | giou_loss: 0.9029 | total_loss: 3.8524
2025-05-21 09:36:51,663 - transvg_dino_vit_20250521_090346 - INFO - Epoch 2, Batch 1400/1696, Loss: 4.5772
2025-05-21 09:36:51,663 - transvg_dino_vit_20250521_090346 - INFO - Train metrics: l1_loss: 0.4995 | giou_loss: 1.0398 | total_loss: 4.5772
2025-05-21 09:37:57,299 - transvg_dino_vit_20250521_090346 - INFO - Epoch 2, Batch 1450/1696, Loss: 4.2530
2025-05-21 09:37:57,299 - transvg_dino_vit_20250521_090346 - INFO - Train metrics: l1_loss: 0.4652 | giou_loss: 0.9635 | total_loss: 4.2530
2025-05-21 09:39:00,926 - transvg_dino_vit_20250521_090346 - INFO - Epoch 2, Batch 1500/1696, Loss: 4.0391
2025-05-21 09:39:00,926 - transvg_dino_vit_20250521_090346 - INFO - Train metrics: l1_loss: 0.4320 | giou_loss: 0.9396 | total_loss: 4.0391
2025-05-21 09:40:03,348 - transvg_dino_vit_20250521_090346 - INFO - Epoch 2, Batch 1550/1696, Loss: 4.3149
2025-05-21 09:40:03,348 - transvg_dino_vit_20250521_090346 - INFO - Train metrics: l1_loss: 0.4720 | giou_loss: 0.9775 | total_loss: 4.3149
2025-05-21 09:41:05,572 - transvg_dino_vit_20250521_090346 - INFO - Epoch 2, Batch 1600/1696, Loss: 4.9833
2025-05-21 09:41:05,572 - transvg_dino_vit_20250521_090346 - INFO - Train metrics: l1_loss: 0.5468 | giou_loss: 1.1247 | total_loss: 4.9833
2025-05-21 09:42:07,769 - transvg_dino_vit_20250521_090346 - INFO - Epoch 2, Batch 1650/1696, Loss: 4.4673
2025-05-21 09:42:07,769 - transvg_dino_vit_20250521_090346 - INFO - Train metrics: l1_loss: 0.4896 | giou_loss: 1.0097 | total_loss: 4.4673
2025-05-21 09:43:03,643 - transvg_dino_vit_20250521_090346 - INFO - Train Epoch 2, Loss: 4.4706
2025-05-21 09:44:49,062 - transvg_dino_vit_20250521_090346 - INFO - Pred box sample: [62.282657623291016, 89.8290786743164, 232.01319885253906, 244.76416015625]
2025-05-21 09:44:49,062 - transvg_dino_vit_20250521_090346 - INFO - Target box sample: [207.0, 198.0, 287.0, 283.0]
2025-05-21 09:44:49,185 - transvg_dino_vit_20250521_090346 - INFO - Validation Epoch 2, Loss: 4.4575
2025-05-21 09:44:49,185 - transvg_dino_vit_20250521_090346 - INFO - Val metrics: Acc@0.25: 0.3230 | Acc@0.5: 0.1102 | Acc@0.75: 0.0077 | mIoU: 0.1815 | medianIoU: 0.0898 | mae_x1: 101.8223 | mae_y1: 97.8138 | mae_x2: 101.2490 | mae_y2: 93.6487 | center_x_error: 85.3740 | center_y_error: 79.2512 | width_error: 2.6251 | height_error: 2.4468 | loss: 4.4575
2025-05-21 09:44:50,195 - transvg_dino_vit_20250521_090346 - INFO - Saved model checkpoint to /home/pokle/Trans-VG/visual_grounding/checkpoints/transvg_dino_vit_20250521_090346_epoch2.pth
2025-05-21 09:44:50,195 - transvg_dino_vit_20250521_090346 - INFO - New best model! Acc@0.5: 0.1102
2025-05-21 09:44:50,195 - transvg_dino_vit_20250521_090346 - INFO - Epoch 3/200
2025-05-21 09:44:52,048 - transvg_dino_vit_20250521_090346 - INFO - Epoch 3, Batch 0/1696, Loss: 4.4034
2025-05-21 09:44:52,048 - transvg_dino_vit_20250521_090346 - INFO - Train metrics: l1_loss: 0.4686 | giou_loss: 1.0303 | total_loss: 4.4034
2025-05-21 09:45:55,069 - transvg_dino_vit_20250521_090346 - INFO - Epoch 3, Batch 50/1696, Loss: 4.1957
2025-05-21 09:45:55,069 - transvg_dino_vit_20250521_090346 - INFO - Train metrics: l1_loss: 0.4685 | giou_loss: 0.9266 | total_loss: 4.1957
2025-05-21 09:46:58,105 - transvg_dino_vit_20250521_090346 - INFO - Epoch 3, Batch 100/1696, Loss: 5.3022
2025-05-21 09:46:58,105 - transvg_dino_vit_20250521_090346 - INFO - Train metrics: l1_loss: 0.5959 | giou_loss: 1.1614 | total_loss: 5.3022
2025-05-21 09:48:01,148 - transvg_dino_vit_20250521_090346 - INFO - Epoch 3, Batch 150/1696, Loss: 4.1286
2025-05-21 09:48:01,148 - transvg_dino_vit_20250521_090346 - INFO - Train metrics: l1_loss: 0.4466 | giou_loss: 0.9477 | total_loss: 4.1286
2025-05-21 09:49:04,335 - transvg_dino_vit_20250521_090346 - INFO - Epoch 3, Batch 200/1696, Loss: 4.7317
2025-05-21 09:49:04,335 - transvg_dino_vit_20250521_090346 - INFO - Train metrics: l1_loss: 0.5272 | giou_loss: 1.0478 | total_loss: 4.7317
2025-05-21 09:50:07,344 - transvg_dino_vit_20250521_090346 - INFO - Epoch 3, Batch 250/1696, Loss: 4.3031
2025-05-21 09:50:07,344 - transvg_dino_vit_20250521_090346 - INFO - Train metrics: l1_loss: 0.5055 | giou_loss: 0.8879 | total_loss: 4.3031
2025-05-21 09:51:10,350 - transvg_dino_vit_20250521_090346 - INFO - Epoch 3, Batch 300/1696, Loss: 5.1230
2025-05-21 09:51:10,350 - transvg_dino_vit_20250521_090346 - INFO - Train metrics: l1_loss: 0.5775 | giou_loss: 1.1178 | total_loss: 5.1230
2025-05-21 09:52:13,348 - transvg_dino_vit_20250521_090346 - INFO - Epoch 3, Batch 350/1696, Loss: 4.1011
2025-05-21 09:52:13,348 - transvg_dino_vit_20250521_090346 - INFO - Train metrics: l1_loss: 0.4401 | giou_loss: 0.9503 | total_loss: 4.1011
2025-05-21 09:53:16,345 - transvg_dino_vit_20250521_090346 - INFO - Epoch 3, Batch 400/1696, Loss: 4.3238
2025-05-21 09:53:16,345 - transvg_dino_vit_20250521_090346 - INFO - Train metrics: l1_loss: 0.4716 | giou_loss: 0.9829 | total_loss: 4.3238
2025-05-21 09:54:19,372 - transvg_dino_vit_20250521_090346 - INFO - Epoch 3, Batch 450/1696, Loss: 4.0866
2025-05-21 09:54:19,372 - transvg_dino_vit_20250521_090346 - INFO - Train metrics: l1_loss: 0.4359 | giou_loss: 0.9536 | total_loss: 4.0866
2025-05-21 09:55:22,405 - transvg_dino_vit_20250521_090346 - INFO - Epoch 3, Batch 500/1696, Loss: 4.5550
2025-05-21 09:55:22,405 - transvg_dino_vit_20250521_090346 - INFO - Train metrics: l1_loss: 0.5131 | giou_loss: 0.9947 | total_loss: 4.5550
2025-05-21 09:56:25,384 - transvg_dino_vit_20250521_090346 - INFO - Epoch 3, Batch 550/1696, Loss: 3.7705
2025-05-21 09:56:25,384 - transvg_dino_vit_20250521_090346 - INFO - Train metrics: l1_loss: 0.4214 | giou_loss: 0.8318 | total_loss: 3.7705
2025-05-21 09:57:28,387 - transvg_dino_vit_20250521_090346 - INFO - Epoch 3, Batch 600/1696, Loss: 4.7364
2025-05-21 09:57:28,387 - transvg_dino_vit_20250521_090346 - INFO - Train metrics: l1_loss: 0.5498 | giou_loss: 0.9937 | total_loss: 4.7364
2025-05-21 09:58:31,381 - transvg_dino_vit_20250521_090346 - INFO - Epoch 3, Batch 650/1696, Loss: 4.0321
2025-05-21 09:58:31,381 - transvg_dino_vit_20250521_090346 - INFO - Train metrics: l1_loss: 0.4454 | giou_loss: 0.9024 | total_loss: 4.0321
2025-05-21 09:59:34,423 - transvg_dino_vit_20250521_090346 - INFO - Epoch 3, Batch 700/1696, Loss: 5.1000
2025-05-21 09:59:34,423 - transvg_dino_vit_20250521_090346 - INFO - Train metrics: l1_loss: 0.6218 | giou_loss: 0.9955 | total_loss: 5.1000
2025-05-21 10:00:37,398 - transvg_dino_vit_20250521_090346 - INFO - Epoch 3, Batch 750/1696, Loss: 4.3249
2025-05-21 10:00:37,398 - transvg_dino_vit_20250521_090346 - INFO - Train metrics: l1_loss: 0.4579 | giou_loss: 1.0177 | total_loss: 4.3249
2025-05-21 10:01:40,401 - transvg_dino_vit_20250521_090346 - INFO - Epoch 3, Batch 800/1696, Loss: 3.5509
2025-05-21 10:01:40,401 - transvg_dino_vit_20250521_090346 - INFO - Train metrics: l1_loss: 0.3610 | giou_loss: 0.8730 | total_loss: 3.5509
2025-05-21 10:02:43,445 - transvg_dino_vit_20250521_090346 - INFO - Epoch 3, Batch 850/1696, Loss: 3.8068
2025-05-21 10:02:43,445 - transvg_dino_vit_20250521_090346 - INFO - Train metrics: l1_loss: 0.4169 | giou_loss: 0.8613 | total_loss: 3.8068
2025-05-21 10:03:46,442 - transvg_dino_vit_20250521_090346 - INFO - Epoch 3, Batch 900/1696, Loss: 4.4512
2025-05-21 10:03:46,442 - transvg_dino_vit_20250521_090346 - INFO - Train metrics: l1_loss: 0.5484 | giou_loss: 0.8545 | total_loss: 4.4512
2025-05-21 10:04:49,418 - transvg_dino_vit_20250521_090346 - INFO - Epoch 3, Batch 950/1696, Loss: 5.3042
2025-05-21 10:04:49,418 - transvg_dino_vit_20250521_090346 - INFO - Train metrics: l1_loss: 0.6456 | giou_loss: 1.0382 | total_loss: 5.3042
2025-05-21 10:05:52,407 - transvg_dino_vit_20250521_090346 - INFO - Epoch 3, Batch 1000/1696, Loss: 3.8778
2025-05-21 10:05:52,407 - transvg_dino_vit_20250521_090346 - INFO - Train metrics: l1_loss: 0.4120 | giou_loss: 0.9089 | total_loss: 3.8778
2025-05-21 10:06:55,378 - transvg_dino_vit_20250521_090346 - INFO - Epoch 3, Batch 1050/1696, Loss: 3.7161
2025-05-21 10:06:55,378 - transvg_dino_vit_20250521_090346 - INFO - Train metrics: l1_loss: 0.3659 | giou_loss: 0.9432 | total_loss: 3.7161
2025-05-21 10:07:58,366 - transvg_dino_vit_20250521_090346 - INFO - Epoch 3, Batch 1100/1696, Loss: 4.6517
2025-05-21 10:07:58,366 - transvg_dino_vit_20250521_090346 - INFO - Train metrics: l1_loss: 0.5326 | giou_loss: 0.9943 | total_loss: 4.6517
2025-05-21 10:09:01,343 - transvg_dino_vit_20250521_090346 - INFO - Epoch 3, Batch 1150/1696, Loss: 4.9126
2025-05-21 10:09:01,343 - transvg_dino_vit_20250521_090346 - INFO - Train metrics: l1_loss: 0.5525 | giou_loss: 1.0750 | total_loss: 4.9126
2025-05-21 10:10:04,342 - transvg_dino_vit_20250521_090346 - INFO - Epoch 3, Batch 1200/1696, Loss: 4.0349
2025-05-21 10:10:04,342 - transvg_dino_vit_20250521_090346 - INFO - Train metrics: l1_loss: 0.4429 | giou_loss: 0.9102 | total_loss: 4.0349
2025-05-21 10:11:07,335 - transvg_dino_vit_20250521_090346 - INFO - Epoch 3, Batch 1250/1696, Loss: 4.3443
2025-05-21 10:11:07,335 - transvg_dino_vit_20250521_090346 - INFO - Train metrics: l1_loss: 0.4773 | giou_loss: 0.9790 | total_loss: 4.3443
2025-05-21 10:12:10,323 - transvg_dino_vit_20250521_090346 - INFO - Epoch 3, Batch 1300/1696, Loss: 4.3982
2025-05-21 10:12:10,323 - transvg_dino_vit_20250521_090346 - INFO - Train metrics: l1_loss: 0.4866 | giou_loss: 0.9826 | total_loss: 4.3982
2025-05-21 10:13:13,299 - transvg_dino_vit_20250521_090346 - INFO - Epoch 3, Batch 1350/1696, Loss: 3.8538
2025-05-21 10:13:13,299 - transvg_dino_vit_20250521_090346 - INFO - Train metrics: l1_loss: 0.4268 | giou_loss: 0.8598 | total_loss: 3.8538
2025-05-21 10:14:16,284 - transvg_dino_vit_20250521_090346 - INFO - Epoch 3, Batch 1400/1696, Loss: 4.7503
2025-05-21 10:14:16,284 - transvg_dino_vit_20250521_090346 - INFO - Train metrics: l1_loss: 0.5064 | giou_loss: 1.1091 | total_loss: 4.7503
2025-05-21 10:15:19,263 - transvg_dino_vit_20250521_090346 - INFO - Epoch 3, Batch 1450/1696, Loss: 4.5775
2025-05-21 10:15:19,263 - transvg_dino_vit_20250521_090346 - INFO - Train metrics: l1_loss: 0.4973 | giou_loss: 1.0454 | total_loss: 4.5775
2025-05-21 10:16:22,366 - transvg_dino_vit_20250521_090346 - INFO - Epoch 3, Batch 1500/1696, Loss: 5.2357
2025-05-21 10:16:22,366 - transvg_dino_vit_20250521_090346 - INFO - Train metrics: l1_loss: 0.6130 | giou_loss: 1.0852 | total_loss: 5.2357
2025-05-21 10:17:25,336 - transvg_dino_vit_20250521_090346 - INFO - Epoch 3, Batch 1550/1696, Loss: 4.4492
2025-05-21 10:17:25,336 - transvg_dino_vit_20250521_090346 - INFO - Train metrics: l1_loss: 0.4961 | giou_loss: 0.9844 | total_loss: 4.4492
2025-05-21 10:18:28,340 - transvg_dino_vit_20250521_090346 - INFO - Epoch 3, Batch 1600/1696, Loss: 5.4927
2025-05-21 10:18:28,340 - transvg_dino_vit_20250521_090346 - INFO - Train metrics: l1_loss: 0.6311 | giou_loss: 1.1685 | total_loss: 5.4927
2025-05-21 10:19:31,317 - transvg_dino_vit_20250521_090346 - INFO - Epoch 3, Batch 1650/1696, Loss: 4.1171
2025-05-21 10:19:31,317 - transvg_dino_vit_20250521_090346 - INFO - Train metrics: l1_loss: 0.4378 | giou_loss: 0.9641 | total_loss: 4.1171
2025-05-21 10:20:27,873 - transvg_dino_vit_20250521_090346 - INFO - Train Epoch 3, Loss: 4.4014
2025-05-21 10:22:13,348 - transvg_dino_vit_20250521_090346 - INFO - Pred box sample: [55.085899353027344, 89.16773223876953, 214.5092315673828, 243.23074340820312]
2025-05-21 10:22:13,348 - transvg_dino_vit_20250521_090346 - INFO - Target box sample: [207.0, 198.0, 287.0, 283.0]
2025-05-21 10:22:13,421 - transvg_dino_vit_20250521_090346 - INFO - Validation Epoch 3, Loss: 4.4930
2025-05-21 10:22:13,421 - transvg_dino_vit_20250521_090346 - INFO - Val metrics: Acc@0.25: 0.3076 | Acc@0.5: 0.1089 | Acc@0.75: 0.0098 | mIoU: 0.1774 | medianIoU: 0.0841 | mae_x1: 99.0125 | mae_y1: 94.9778 | mae_x2: 102.2322 | mae_y2: 97.8631 | center_x_error: 85.2915 | center_y_error: 81.6371 | width_error: 2.5869 | height_error: 2.1881 | loss: 4.4930
2025-05-21 10:22:14,372 - transvg_dino_vit_20250521_090346 - INFO - Saved model checkpoint to /home/pokle/Trans-VG/visual_grounding/checkpoints/transvg_dino_vit_20250521_090346_epoch3.pth
2025-05-21 10:22:14,372 - transvg_dino_vit_20250521_090346 - INFO - Epoch 4/200
2025-05-21 10:22:16,242 - transvg_dino_vit_20250521_090346 - INFO - Epoch 4, Batch 0/1696, Loss: 4.2909
2025-05-21 10:22:16,242 - transvg_dino_vit_20250521_090346 - INFO - Train metrics: l1_loss: 0.4560 | giou_loss: 1.0054 | total_loss: 4.2909
2025-05-21 10:23:19,318 - transvg_dino_vit_20250521_090346 - INFO - Epoch 4, Batch 50/1696, Loss: 4.0298
2025-05-21 10:23:19,319 - transvg_dino_vit_20250521_090346 - INFO - Train metrics: l1_loss: 0.4467 | giou_loss: 0.8981 | total_loss: 4.0298
2025-05-21 10:24:22,372 - transvg_dino_vit_20250521_090346 - INFO - Epoch 4, Batch 100/1696, Loss: 3.6710
2025-05-21 10:24:22,372 - transvg_dino_vit_20250521_090346 - INFO - Train metrics: l1_loss: 0.3815 | giou_loss: 0.8816 | total_loss: 3.6710
2025-05-21 10:25:25,507 - transvg_dino_vit_20250521_090346 - INFO - Epoch 4, Batch 150/1696, Loss: 4.4610
2025-05-21 10:25:25,507 - transvg_dino_vit_20250521_090346 - INFO - Train metrics: l1_loss: 0.4920 | giou_loss: 1.0006 | total_loss: 4.4610
2025-05-21 10:26:28,528 - transvg_dino_vit_20250521_090346 - INFO - Epoch 4, Batch 200/1696, Loss: 4.7937
2025-05-21 10:26:28,528 - transvg_dino_vit_20250521_090346 - INFO - Train metrics: l1_loss: 0.5388 | giou_loss: 1.0497 | total_loss: 4.7937
2025-05-21 10:27:31,506 - transvg_dino_vit_20250521_090346 - INFO - Epoch 4, Batch 250/1696, Loss: 3.6263
2025-05-21 10:27:31,506 - transvg_dino_vit_20250521_090346 - INFO - Train metrics: l1_loss: 0.3914 | giou_loss: 0.8347 | total_loss: 3.6263
2025-05-21 10:28:34,640 - transvg_dino_vit_20250521_090346 - INFO - Epoch 4, Batch 300/1696, Loss: 4.2568
2025-05-21 10:28:34,640 - transvg_dino_vit_20250521_090346 - INFO - Train metrics: l1_loss: 0.4686 | giou_loss: 0.9569 | total_loss: 4.2568
2025-05-21 10:29:37,749 - transvg_dino_vit_20250521_090346 - INFO - Epoch 4, Batch 350/1696, Loss: 4.2683
2025-05-21 10:29:37,749 - transvg_dino_vit_20250521_090346 - INFO - Train metrics: l1_loss: 0.4616 | giou_loss: 0.9802 | total_loss: 4.2683
2025-05-21 10:30:40,828 - transvg_dino_vit_20250521_090346 - INFO - Epoch 4, Batch 400/1696, Loss: 4.4358
2025-05-21 10:30:40,828 - transvg_dino_vit_20250521_090346 - INFO - Train metrics: l1_loss: 0.4765 | giou_loss: 1.0266 | total_loss: 4.4358
2025-05-21 10:31:43,938 - transvg_dino_vit_20250521_090346 - INFO - Epoch 4, Batch 450/1696, Loss: 5.5679
2025-05-21 10:31:43,938 - transvg_dino_vit_20250521_090346 - INFO - Train metrics: l1_loss: 0.6605 | giou_loss: 1.1328 | total_loss: 5.5679
2025-05-21 10:32:47,069 - transvg_dino_vit_20250521_090346 - INFO - Epoch 4, Batch 500/1696, Loss: 4.4584
2025-05-21 10:32:47,069 - transvg_dino_vit_20250521_090346 - INFO - Train metrics: l1_loss: 0.4643 | giou_loss: 1.0684 | total_loss: 4.4584
2025-05-21 10:33:50,144 - transvg_dino_vit_20250521_090346 - INFO - Epoch 4, Batch 550/1696, Loss: 3.2404
2025-05-21 10:33:50,144 - transvg_dino_vit_20250521_090346 - INFO - Train metrics: l1_loss: 0.3596 | giou_loss: 0.7211 | total_loss: 3.2404
2025-05-21 10:34:53,203 - transvg_dino_vit_20250521_090346 - INFO - Epoch 4, Batch 600/1696, Loss: 5.0152
2025-05-21 10:34:53,203 - transvg_dino_vit_20250521_090346 - INFO - Train metrics: l1_loss: 0.5736 | giou_loss: 1.0736 | total_loss: 5.0152
2025-05-21 10:35:56,260 - transvg_dino_vit_20250521_090346 - INFO - Epoch 4, Batch 650/1696, Loss: 3.8489
2025-05-21 10:35:56,260 - transvg_dino_vit_20250521_090346 - INFO - Train metrics: l1_loss: 0.4048 | giou_loss: 0.9125 | total_loss: 3.8489
2025-05-21 10:36:59,295 - transvg_dino_vit_20250521_090346 - INFO - Epoch 4, Batch 700/1696, Loss: 5.2489
2025-05-21 10:36:59,295 - transvg_dino_vit_20250521_090346 - INFO - Train metrics: l1_loss: 0.6125 | giou_loss: 1.0933 | total_loss: 5.2489
2025-05-21 10:38:02,340 - transvg_dino_vit_20250521_090346 - INFO - Epoch 4, Batch 750/1696, Loss: 4.2588
2025-05-21 10:38:02,340 - transvg_dino_vit_20250521_090346 - INFO - Train metrics: l1_loss: 0.4719 | giou_loss: 0.9497 | total_loss: 4.2588
2025-05-21 10:39:05,417 - transvg_dino_vit_20250521_090346 - INFO - Epoch 4, Batch 800/1696, Loss: 4.7608
2025-05-21 10:39:05,417 - transvg_dino_vit_20250521_090346 - INFO - Train metrics: l1_loss: 0.5393 | giou_loss: 1.0320 | total_loss: 4.7608
2025-05-21 10:40:08,458 - transvg_dino_vit_20250521_090346 - INFO - Epoch 4, Batch 850/1696, Loss: 4.3105
2025-05-21 10:40:08,458 - transvg_dino_vit_20250521_090346 - INFO - Train metrics: l1_loss: 0.4834 | giou_loss: 0.9468 | total_loss: 4.3105
2025-05-21 10:41:11,442 - transvg_dino_vit_20250521_090346 - INFO - Epoch 4, Batch 900/1696, Loss: 3.8273
2025-05-21 10:41:11,442 - transvg_dino_vit_20250521_090346 - INFO - Train metrics: l1_loss: 0.3909 | giou_loss: 0.9364 | total_loss: 3.8273
2025-05-21 10:42:14,535 - transvg_dino_vit_20250521_090346 - INFO - Epoch 4, Batch 950/1696, Loss: 3.6147
2025-05-21 10:42:14,535 - transvg_dino_vit_20250521_090346 - INFO - Train metrics: l1_loss: 0.3705 | giou_loss: 0.8811 | total_loss: 3.6147
2025-05-21 10:43:17,616 - transvg_dino_vit_20250521_090346 - INFO - Epoch 4, Batch 1000/1696, Loss: 5.0737
2025-05-21 10:43:17,616 - transvg_dino_vit_20250521_090346 - INFO - Train metrics: l1_loss: 0.5865 | giou_loss: 1.0706 | total_loss: 5.0737
2025-05-21 10:44:20,878 - transvg_dino_vit_20250521_090346 - INFO - Epoch 4, Batch 1050/1696, Loss: 4.5585
2025-05-21 10:44:20,878 - transvg_dino_vit_20250521_090346 - INFO - Train metrics: l1_loss: 0.4933 | giou_loss: 1.0459 | total_loss: 4.5585
2025-05-21 10:45:23,958 - transvg_dino_vit_20250521_090346 - INFO - Epoch 4, Batch 1100/1696, Loss: 4.9083
2025-05-21 10:45:23,958 - transvg_dino_vit_20250521_090346 - INFO - Train metrics: l1_loss: 0.5639 | giou_loss: 1.0443 | total_loss: 4.9083
2025-05-21 10:46:27,057 - transvg_dino_vit_20250521_090346 - INFO - Epoch 4, Batch 1150/1696, Loss: 4.8479
2025-05-21 10:46:27,057 - transvg_dino_vit_20250521_090346 - INFO - Train metrics: l1_loss: 0.5444 | giou_loss: 1.0630 | total_loss: 4.8479
2025-05-21 10:47:30,183 - transvg_dino_vit_20250521_090346 - INFO - Epoch 4, Batch 1200/1696, Loss: 3.8970
2025-05-21 10:47:30,183 - transvg_dino_vit_20250521_090346 - INFO - Train metrics: l1_loss: 0.4450 | giou_loss: 0.8360 | total_loss: 3.8970
2025-05-21 10:48:33,314 - transvg_dino_vit_20250521_090346 - INFO - Epoch 4, Batch 1250/1696, Loss: 3.8860
2025-05-21 10:48:33,314 - transvg_dino_vit_20250521_090346 - INFO - Train metrics: l1_loss: 0.4167 | giou_loss: 0.9013 | total_loss: 3.8860
2025-05-21 10:49:36,315 - transvg_dino_vit_20250521_090346 - INFO - Epoch 4, Batch 1300/1696, Loss: 5.3925
2025-05-21 10:49:36,315 - transvg_dino_vit_20250521_090346 - INFO - Train metrics: l1_loss: 0.6201 | giou_loss: 1.1459 | total_loss: 5.3925
2025-05-21 10:50:39,419 - transvg_dino_vit_20250521_090346 - INFO - Epoch 4, Batch 1350/1696, Loss: 4.9593
2025-05-21 10:50:39,419 - transvg_dino_vit_20250521_090346 - INFO - Train metrics: l1_loss: 0.5880 | giou_loss: 1.0097 | total_loss: 4.9593
2025-05-21 10:51:42,436 - transvg_dino_vit_20250521_090346 - INFO - Epoch 4, Batch 1400/1696, Loss: 4.3018
2025-05-21 10:51:42,436 - transvg_dino_vit_20250521_090346 - INFO - Train metrics: l1_loss: 0.4646 | giou_loss: 0.9895 | total_loss: 4.3018
2025-05-21 10:52:45,455 - transvg_dino_vit_20250521_090346 - INFO - Epoch 4, Batch 1450/1696, Loss: 5.3173
2025-05-21 10:52:45,455 - transvg_dino_vit_20250521_090346 - INFO - Train metrics: l1_loss: 0.6610 | giou_loss: 1.0061 | total_loss: 5.3173
2025-05-21 10:53:48,534 - transvg_dino_vit_20250521_090346 - INFO - Epoch 4, Batch 1500/1696, Loss: 4.5816
2025-05-21 10:53:48,534 - transvg_dino_vit_20250521_090346 - INFO - Train metrics: l1_loss: 0.5398 | giou_loss: 0.9413 | total_loss: 4.5816
2025-05-21 10:54:51,558 - transvg_dino_vit_20250521_090346 - INFO - Epoch 4, Batch 1550/1696, Loss: 5.1992
2025-05-21 10:54:51,558 - transvg_dino_vit_20250521_090346 - INFO - Train metrics: l1_loss: 0.6000 | giou_loss: 1.0995 | total_loss: 5.1992
2025-05-21 10:55:54,554 - transvg_dino_vit_20250521_090346 - INFO - Epoch 4, Batch 1600/1696, Loss: 4.0654
2025-05-21 10:55:54,554 - transvg_dino_vit_20250521_090346 - INFO - Train metrics: l1_loss: 0.4408 | giou_loss: 0.9307 | total_loss: 4.0654
2025-05-21 10:56:57,532 - transvg_dino_vit_20250521_090346 - INFO - Epoch 4, Batch 1650/1696, Loss: 4.7974
2025-05-21 10:56:57,532 - transvg_dino_vit_20250521_090346 - INFO - Train metrics: l1_loss: 0.5415 | giou_loss: 1.0449 | total_loss: 4.7974
2025-05-21 10:57:54,163 - transvg_dino_vit_20250521_090346 - INFO - Train Epoch 4, Loss: 4.4209
2025-05-21 10:59:39,403 - transvg_dino_vit_20250521_090346 - INFO - Pred box sample: [61.02623748779297, 66.75576782226562, 228.5352020263672, 213.9524688720703]
2025-05-21 10:59:39,404 - transvg_dino_vit_20250521_090346 - INFO - Target box sample: [207.0, 198.0, 287.0, 283.0]
2025-05-21 10:59:39,487 - transvg_dino_vit_20250521_090346 - INFO - Validation Epoch 4, Loss: 4.4438
2025-05-21 10:59:39,488 - transvg_dino_vit_20250521_090346 - INFO - Val metrics: Acc@0.25: 0.3187 | Acc@0.5: 0.1169 | Acc@0.75: 0.0181 | mIoU: 0.1839 | medianIoU: 0.0866 | mae_x1: 100.5865 | mae_y1: 97.0736 | mae_x2: 99.7452 | mae_y2: 96.1035 | center_x_error: 84.8190 | center_y_error: 80.2166 | width_error: 2.5684 | height_error: 2.4911 | loss: 4.4438
2025-05-21 10:59:40,543 - transvg_dino_vit_20250521_090346 - INFO - Saved model checkpoint to /home/pokle/Trans-VG/visual_grounding/checkpoints/transvg_dino_vit_20250521_090346_epoch4.pth
2025-05-21 10:59:40,544 - transvg_dino_vit_20250521_090346 - INFO - New best model! Acc@0.5: 0.1169
2025-05-21 10:59:40,544 - transvg_dino_vit_20250521_090346 - INFO - Epoch 5/200
2025-05-21 10:59:42,438 - transvg_dino_vit_20250521_090346 - INFO - Epoch 5, Batch 0/1696, Loss: 4.9683
2025-05-21 10:59:42,438 - transvg_dino_vit_20250521_090346 - INFO - Train metrics: l1_loss: 0.5753 | giou_loss: 1.0458 | total_loss: 4.9683
2025-05-21 11:00:45,636 - transvg_dino_vit_20250521_090346 - INFO - Epoch 5, Batch 50/1696, Loss: 4.2839
2025-05-21 11:00:45,636 - transvg_dino_vit_20250521_090346 - INFO - Train metrics: l1_loss: 0.4809 | giou_loss: 0.9396 | total_loss: 4.2839
2025-05-21 11:01:48,699 - transvg_dino_vit_20250521_090346 - INFO - Epoch 5, Batch 100/1696, Loss: 3.2604
2025-05-21 11:01:48,699 - transvg_dino_vit_20250521_090346 - INFO - Train metrics: l1_loss: 0.3545 | giou_loss: 0.7439 | total_loss: 3.2604
2025-05-21 11:02:51,720 - transvg_dino_vit_20250521_090346 - INFO - Epoch 5, Batch 150/1696, Loss: 4.5507
2025-05-21 11:02:51,721 - transvg_dino_vit_20250521_090346 - INFO - Train metrics: l1_loss: 0.4998 | giou_loss: 1.0260 | total_loss: 4.5507
2025-05-21 11:03:54,705 - transvg_dino_vit_20250521_090346 - INFO - Epoch 5, Batch 200/1696, Loss: 3.4130
2025-05-21 11:03:54,706 - transvg_dino_vit_20250521_090346 - INFO - Train metrics: l1_loss: 0.3517 | giou_loss: 0.8273 | total_loss: 3.4130
2025-05-21 11:04:57,685 - transvg_dino_vit_20250521_090346 - INFO - Epoch 5, Batch 250/1696, Loss: 3.9749
2025-05-21 11:04:57,685 - transvg_dino_vit_20250521_090346 - INFO - Train metrics: l1_loss: 0.4401 | giou_loss: 0.8871 | total_loss: 3.9749
2025-05-21 11:06:00,611 - transvg_dino_vit_20250521_090346 - INFO - Epoch 5, Batch 300/1696, Loss: 4.5810
2025-05-21 11:06:00,612 - transvg_dino_vit_20250521_090346 - INFO - Train metrics: l1_loss: 0.5203 | giou_loss: 0.9898 | total_loss: 4.5810
2025-05-21 11:07:03,583 - transvg_dino_vit_20250521_090346 - INFO - Epoch 5, Batch 350/1696, Loss: 4.8802
2025-05-21 11:07:03,583 - transvg_dino_vit_20250521_090346 - INFO - Train metrics: l1_loss: 0.5507 | giou_loss: 1.0632 | total_loss: 4.8802
2025-05-21 11:08:06,540 - transvg_dino_vit_20250521_090346 - INFO - Epoch 5, Batch 400/1696, Loss: 3.5529
2025-05-21 11:08:06,541 - transvg_dino_vit_20250521_090346 - INFO - Train metrics: l1_loss: 0.3630 | giou_loss: 0.8690 | total_loss: 3.5529
2025-05-21 11:09:09,555 - transvg_dino_vit_20250521_090346 - INFO - Epoch 5, Batch 450/1696, Loss: 4.3435
2025-05-21 11:09:09,555 - transvg_dino_vit_20250521_090346 - INFO - Train metrics: l1_loss: 0.4987 | giou_loss: 0.9250 | total_loss: 4.3435
2025-05-21 11:10:12,532 - transvg_dino_vit_20250521_090346 - INFO - Epoch 5, Batch 500/1696, Loss: 4.6885
2025-05-21 11:10:12,532 - transvg_dino_vit_20250521_090346 - INFO - Train metrics: l1_loss: 0.5306 | giou_loss: 1.0177 | total_loss: 4.6885
2025-05-21 11:11:15,586 - transvg_dino_vit_20250521_090346 - INFO - Epoch 5, Batch 550/1696, Loss: 3.7602
2025-05-21 11:11:15,586 - transvg_dino_vit_20250521_090346 - INFO - Train metrics: l1_loss: 0.4099 | giou_loss: 0.8553 | total_loss: 3.7602
2025-05-21 11:12:18,917 - transvg_dino_vit_20250521_090346 - INFO - Epoch 5, Batch 600/1696, Loss: 5.1867
2025-05-21 11:12:18,917 - transvg_dino_vit_20250521_090346 - INFO - Train metrics: l1_loss: 0.6240 | giou_loss: 1.0334 | total_loss: 5.1867
2025-05-21 11:13:21,974 - transvg_dino_vit_20250521_090346 - INFO - Epoch 5, Batch 650/1696, Loss: 4.0840
2025-05-21 11:13:21,975 - transvg_dino_vit_20250521_090346 - INFO - Train metrics: l1_loss: 0.4555 | giou_loss: 0.9032 | total_loss: 4.0840
2025-05-21 11:14:24,919 - transvg_dino_vit_20250521_090346 - INFO - Epoch 5, Batch 700/1696, Loss: 4.1979
2025-05-21 11:14:24,938 - transvg_dino_vit_20250521_090346 - INFO - Train metrics: l1_loss: 0.4663 | giou_loss: 0.9332 | total_loss: 4.1979
2025-05-21 11:15:27,892 - transvg_dino_vit_20250521_090346 - INFO - Epoch 5, Batch 750/1696, Loss: 4.7035
2025-05-21 11:15:27,892 - transvg_dino_vit_20250521_090346 - INFO - Train metrics: l1_loss: 0.5303 | giou_loss: 1.0260 | total_loss: 4.7035
2025-05-21 11:16:30,872 - transvg_dino_vit_20250521_090346 - INFO - Epoch 5, Batch 800/1696, Loss: 4.5136
2025-05-21 11:16:30,872 - transvg_dino_vit_20250521_090346 - INFO - Train metrics: l1_loss: 0.5147 | giou_loss: 0.9700 | total_loss: 4.5136
2025-05-21 11:17:33,850 - transvg_dino_vit_20250521_090346 - INFO - Epoch 5, Batch 850/1696, Loss: 4.1754
2025-05-21 11:17:33,850 - transvg_dino_vit_20250521_090346 - INFO - Train metrics: l1_loss: 0.4601 | giou_loss: 0.9376 | total_loss: 4.1754
2025-05-21 11:18:36,826 - transvg_dino_vit_20250521_090346 - INFO - Epoch 5, Batch 900/1696, Loss: 4.9407
2025-05-21 11:18:36,826 - transvg_dino_vit_20250521_090346 - INFO - Train metrics: l1_loss: 0.5733 | giou_loss: 1.0372 | total_loss: 4.9407
2025-05-21 11:19:39,794 - transvg_dino_vit_20250521_090346 - INFO - Epoch 5, Batch 950/1696, Loss: 3.0218
2025-05-21 11:19:39,794 - transvg_dino_vit_20250521_090346 - INFO - Train metrics: l1_loss: 0.3124 | giou_loss: 0.7298 | total_loss: 3.0218
2025-05-21 11:20:42,759 - transvg_dino_vit_20250521_090346 - INFO - Epoch 5, Batch 1000/1696, Loss: 4.6758
2025-05-21 11:20:42,759 - transvg_dino_vit_20250521_090346 - INFO - Train metrics: l1_loss: 0.5314 | giou_loss: 1.0095 | total_loss: 4.6758
2025-05-21 11:21:45,746 - transvg_dino_vit_20250521_090346 - INFO - Epoch 5, Batch 1050/1696, Loss: 4.9950
2025-05-21 11:21:45,746 - transvg_dino_vit_20250521_090346 - INFO - Train metrics: l1_loss: 0.5743 | giou_loss: 1.0618 | total_loss: 4.9950
2025-05-21 11:22:48,703 - transvg_dino_vit_20250521_090346 - INFO - Epoch 5, Batch 1100/1696, Loss: 4.4605
2025-05-21 11:22:48,703 - transvg_dino_vit_20250521_090346 - INFO - Train metrics: l1_loss: 0.5006 | giou_loss: 0.9789 | total_loss: 4.4605
2025-05-21 11:23:51,768 - transvg_dino_vit_20250521_090346 - INFO - Epoch 5, Batch 1150/1696, Loss: 4.0565
2025-05-21 11:23:51,768 - transvg_dino_vit_20250521_090346 - INFO - Train metrics: l1_loss: 0.4492 | giou_loss: 0.9053 | total_loss: 4.0565
2025-05-21 11:24:54,789 - transvg_dino_vit_20250521_090346 - INFO - Epoch 5, Batch 1200/1696, Loss: 4.9880
2025-05-21 11:24:54,789 - transvg_dino_vit_20250521_090346 - INFO - Train metrics: l1_loss: 0.5746 | giou_loss: 1.0575 | total_loss: 4.9880
2025-05-21 11:25:57,784 - transvg_dino_vit_20250521_090346 - INFO - Epoch 5, Batch 1250/1696, Loss: 4.4220
2025-05-21 11:25:57,797 - transvg_dino_vit_20250521_090346 - INFO - Train metrics: l1_loss: 0.4981 | giou_loss: 0.9658 | total_loss: 4.4220
2025-05-21 11:27:00,792 - transvg_dino_vit_20250521_090346 - INFO - Epoch 5, Batch 1300/1696, Loss: 5.0869
2025-05-21 11:27:00,792 - transvg_dino_vit_20250521_090346 - INFO - Train metrics: l1_loss: 0.6171 | giou_loss: 1.0008 | total_loss: 5.0869
2025-05-21 11:28:03,759 - transvg_dino_vit_20250521_090346 - INFO - Epoch 5, Batch 1350/1696, Loss: 4.4027
2025-05-21 11:28:03,759 - transvg_dino_vit_20250521_090346 - INFO - Train metrics: l1_loss: 0.4921 | giou_loss: 0.9710 | total_loss: 4.4027
2025-05-21 11:29:06,775 - transvg_dino_vit_20250521_090346 - INFO - Epoch 5, Batch 1400/1696, Loss: 4.1668
2025-05-21 11:29:06,775 - transvg_dino_vit_20250521_090346 - INFO - Train metrics: l1_loss: 0.4506 | giou_loss: 0.9570 | total_loss: 4.1668
2025-05-21 11:30:09,778 - transvg_dino_vit_20250521_090346 - INFO - Epoch 5, Batch 1450/1696, Loss: 3.7138
2025-05-21 11:30:09,778 - transvg_dino_vit_20250521_090346 - INFO - Train metrics: l1_loss: 0.4152 | giou_loss: 0.8190 | total_loss: 3.7138
2025-05-21 11:31:12,764 - transvg_dino_vit_20250521_090346 - INFO - Epoch 5, Batch 1500/1696, Loss: 4.1134
2025-05-21 11:31:12,764 - transvg_dino_vit_20250521_090346 - INFO - Train metrics: l1_loss: 0.4422 | giou_loss: 0.9512 | total_loss: 4.1134
2025-05-21 11:32:15,740 - transvg_dino_vit_20250521_090346 - INFO - Epoch 5, Batch 1550/1696, Loss: 4.3350
2025-05-21 11:32:15,740 - transvg_dino_vit_20250521_090346 - INFO - Train metrics: l1_loss: 0.4875 | giou_loss: 0.9486 | total_loss: 4.3350
2025-05-21 11:33:18,719 - transvg_dino_vit_20250521_090346 - INFO - Epoch 5, Batch 1600/1696, Loss: 5.2720
2025-05-21 11:33:18,719 - transvg_dino_vit_20250521_090346 - INFO - Train metrics: l1_loss: 0.6362 | giou_loss: 1.0455 | total_loss: 5.2720
2025-05-21 11:34:21,699 - transvg_dino_vit_20250521_090346 - INFO - Epoch 5, Batch 1650/1696, Loss: 4.7946
2025-05-21 11:34:21,699 - transvg_dino_vit_20250521_090346 - INFO - Train metrics: l1_loss: 0.5425 | giou_loss: 1.0411 | total_loss: 4.7946
2025-05-21 11:35:18,327 - transvg_dino_vit_20250521_090346 - INFO - Train Epoch 5, Loss: 4.3953
2025-05-21 11:37:04,559 - transvg_dino_vit_20250521_090346 - INFO - Pred box sample: [71.98539733886719, 99.82422637939453, 241.102783203125, 271.8606262207031]
2025-05-21 11:37:04,559 - transvg_dino_vit_20250521_090346 - INFO - Target box sample: [207.0, 198.0, 287.0, 283.0]
2025-05-21 11:37:04,650 - transvg_dino_vit_20250521_090346 - INFO - Validation Epoch 5, Loss: 4.3884
2025-05-21 11:37:04,650 - transvg_dino_vit_20250521_090346 - INFO - Val metrics: Acc@0.25: 0.3288 | Acc@0.5: 0.1193 | Acc@0.75: 0.0173 | mIoU: 0.1893 | medianIoU: 0.0944 | mae_x1: 99.1921 | mae_y1: 93.6815 | mae_x2: 99.0346 | mae_y2: 95.1498 | center_x_error: 83.9779 | center_y_error: 78.0218 | width_error: 2.4878 | height_error: 2.4386 | loss: 4.3884
2025-05-21 11:37:05,750 - transvg_dino_vit_20250521_090346 - INFO - Saved model checkpoint to /home/pokle/Trans-VG/visual_grounding/checkpoints/transvg_dino_vit_20250521_090346_epoch5.pth
2025-05-21 11:37:05,751 - transvg_dino_vit_20250521_090346 - INFO - New best model! Acc@0.5: 0.1193
2025-05-21 11:37:05,752 - transvg_dino_vit_20250521_090346 - INFO - Epoch 6/200
2025-05-21 11:37:07,609 - transvg_dino_vit_20250521_090346 - INFO - Epoch 6, Batch 0/1696, Loss: 4.8145
2025-05-21 11:37:07,609 - transvg_dino_vit_20250521_090346 - INFO - Train metrics: l1_loss: 0.5438 | giou_loss: 1.0478 | total_loss: 4.8145
2025-05-21 11:38:10,566 - transvg_dino_vit_20250521_090346 - INFO - Epoch 6, Batch 50/1696, Loss: 3.7345
2025-05-21 11:38:10,566 - transvg_dino_vit_20250521_090346 - INFO - Train metrics: l1_loss: 0.4060 | giou_loss: 0.8522 | total_loss: 3.7345
2025-05-21 11:39:13,540 - transvg_dino_vit_20250521_090346 - INFO - Epoch 6, Batch 100/1696, Loss: 4.5816
2025-05-21 11:39:13,540 - transvg_dino_vit_20250521_090346 - INFO - Train metrics: l1_loss: 0.4995 | giou_loss: 1.0420 | total_loss: 4.5816
2025-05-21 11:40:17,042 - transvg_dino_vit_20250521_090346 - INFO - Epoch 6, Batch 150/1696, Loss: 4.8602
2025-05-21 11:40:17,042 - transvg_dino_vit_20250521_090346 - INFO - Train metrics: l1_loss: 0.5500 | giou_loss: 1.0552 | total_loss: 4.8602
2025-05-21 11:41:19,943 - transvg_dino_vit_20250521_090346 - INFO - Epoch 6, Batch 200/1696, Loss: 4.9551
2025-05-21 11:41:19,943 - transvg_dino_vit_20250521_090346 - INFO - Train metrics: l1_loss: 0.5825 | giou_loss: 1.0212 | total_loss: 4.9551
2025-05-21 11:42:22,895 - transvg_dino_vit_20250521_090346 - INFO - Epoch 6, Batch 250/1696, Loss: 4.7674
2025-05-21 11:42:22,895 - transvg_dino_vit_20250521_090346 - INFO - Train metrics: l1_loss: 0.5380 | giou_loss: 1.0387 | total_loss: 4.7674
2025-05-21 11:43:25,821 - transvg_dino_vit_20250521_090346 - INFO - Epoch 6, Batch 300/1696, Loss: 4.3055
2025-05-21 11:43:25,821 - transvg_dino_vit_20250521_090346 - INFO - Train metrics: l1_loss: 0.4569 | giou_loss: 1.0104 | total_loss: 4.3055
2025-05-21 11:44:28,735 - transvg_dino_vit_20250521_090346 - INFO - Epoch 6, Batch 350/1696, Loss: 4.4400
2025-05-21 11:44:28,735 - transvg_dino_vit_20250521_090346 - INFO - Train metrics: l1_loss: 0.4884 | giou_loss: 0.9990 | total_loss: 4.4400
2025-05-21 11:45:31,659 - transvg_dino_vit_20250521_090346 - INFO - Epoch 6, Batch 400/1696, Loss: 4.2560
2025-05-21 11:45:31,659 - transvg_dino_vit_20250521_090346 - INFO - Train metrics: l1_loss: 0.4243 | giou_loss: 1.0671 | total_loss: 4.2560
2025-05-21 11:46:34,603 - transvg_dino_vit_20250521_090346 - INFO - Epoch 6, Batch 450/1696, Loss: 4.2506
2025-05-21 11:46:34,603 - transvg_dino_vit_20250521_090346 - INFO - Train metrics: l1_loss: 0.4614 | giou_loss: 0.9719 | total_loss: 4.2506
2025-05-21 11:47:37,536 - transvg_dino_vit_20250521_090346 - INFO - Epoch 6, Batch 500/1696, Loss: 5.0550
2025-05-21 11:47:37,536 - transvg_dino_vit_20250521_090346 - INFO - Train metrics: l1_loss: 0.5745 | giou_loss: 1.0912 | total_loss: 5.0550
2025-05-21 11:48:40,436 - transvg_dino_vit_20250521_090346 - INFO - Epoch 6, Batch 550/1696, Loss: 4.2688
2025-05-21 11:48:40,436 - transvg_dino_vit_20250521_090346 - INFO - Train metrics: l1_loss: 0.4928 | giou_loss: 0.9025 | total_loss: 4.2688
2025-05-21 11:49:43,324 - transvg_dino_vit_20250521_090346 - INFO - Epoch 6, Batch 600/1696, Loss: 3.9450
2025-05-21 11:49:43,324 - transvg_dino_vit_20250521_090346 - INFO - Train metrics: l1_loss: 0.4361 | giou_loss: 0.8822 | total_loss: 3.9450
2025-05-21 11:50:46,298 - transvg_dino_vit_20250521_090346 - INFO - Epoch 6, Batch 650/1696, Loss: 4.0601
2025-05-21 11:50:46,299 - transvg_dino_vit_20250521_090346 - INFO - Train metrics: l1_loss: 0.4467 | giou_loss: 0.9134 | total_loss: 4.0601
2025-05-21 11:51:49,204 - transvg_dino_vit_20250521_090346 - INFO - Epoch 6, Batch 700/1696, Loss: 3.8119
2025-05-21 11:51:49,204 - transvg_dino_vit_20250521_090346 - INFO - Train metrics: l1_loss: 0.4160 | giou_loss: 0.8659 | total_loss: 3.8119
2025-05-21 11:52:52,156 - transvg_dino_vit_20250521_090346 - INFO - Epoch 6, Batch 750/1696, Loss: 4.3337
2025-05-21 11:52:52,156 - transvg_dino_vit_20250521_090346 - INFO - Train metrics: l1_loss: 0.4657 | giou_loss: 1.0027 | total_loss: 4.3337
2025-05-21 11:53:55,056 - transvg_dino_vit_20250521_090346 - INFO - Epoch 6, Batch 800/1696, Loss: 4.9198
2025-05-21 11:53:55,056 - transvg_dino_vit_20250521_090346 - INFO - Train metrics: l1_loss: 0.5515 | giou_loss: 1.0812 | total_loss: 4.9198
2025-05-21 11:54:57,959 - transvg_dino_vit_20250521_090346 - INFO - Epoch 6, Batch 850/1696, Loss: 3.9230
2025-05-21 11:54:57,959 - transvg_dino_vit_20250521_090346 - INFO - Train metrics: l1_loss: 0.4384 | giou_loss: 0.8655 | total_loss: 3.9230
2025-05-21 11:56:00,882 - transvg_dino_vit_20250521_090346 - INFO - Epoch 6, Batch 900/1696, Loss: 4.2378
2025-05-21 11:56:00,882 - transvg_dino_vit_20250521_090346 - INFO - Train metrics: l1_loss: 0.4759 | giou_loss: 0.9290 | total_loss: 4.2378
2025-05-21 11:57:03,799 - transvg_dino_vit_20250521_090346 - INFO - Epoch 6, Batch 950/1696, Loss: 3.3973
2025-05-21 11:57:03,799 - transvg_dino_vit_20250521_090346 - INFO - Train metrics: l1_loss: 0.3329 | giou_loss: 0.8663 | total_loss: 3.3973
2025-05-21 11:58:06,699 - transvg_dino_vit_20250521_090346 - INFO - Epoch 6, Batch 1000/1696, Loss: 3.3032
2025-05-21 11:58:06,699 - transvg_dino_vit_20250521_090346 - INFO - Train metrics: l1_loss: 0.3554 | giou_loss: 0.7630 | total_loss: 3.3032
2025-05-21 11:59:09,537 - transvg_dino_vit_20250521_090346 - INFO - Epoch 6, Batch 1050/1696, Loss: 4.2520
2025-05-21 11:59:09,537 - transvg_dino_vit_20250521_090346 - INFO - Train metrics: l1_loss: 0.4781 | giou_loss: 0.9307 | total_loss: 4.2520
2025-05-21 12:00:12,260 - transvg_dino_vit_20250521_090346 - INFO - Epoch 6, Batch 1100/1696, Loss: 5.2132
2025-05-21 12:00:12,260 - transvg_dino_vit_20250521_090346 - INFO - Train metrics: l1_loss: 0.5880 | giou_loss: 1.1366 | total_loss: 5.2132
2025-05-21 12:01:15,061 - transvg_dino_vit_20250521_090346 - INFO - Epoch 6, Batch 1150/1696, Loss: 4.0080
2025-05-21 12:01:15,061 - transvg_dino_vit_20250521_090346 - INFO - Train metrics: l1_loss: 0.4580 | giou_loss: 0.8589 | total_loss: 4.0080
2025-05-21 12:02:17,847 - transvg_dino_vit_20250521_090346 - INFO - Epoch 6, Batch 1200/1696, Loss: 4.4599
2025-05-21 12:02:17,847 - transvg_dino_vit_20250521_090346 - INFO - Train metrics: l1_loss: 0.4797 | giou_loss: 1.0308 | total_loss: 4.4599
2025-05-21 12:03:20,798 - transvg_dino_vit_20250521_090346 - INFO - Epoch 6, Batch 1250/1696, Loss: 5.1368
2025-05-21 12:03:20,798 - transvg_dino_vit_20250521_090346 - INFO - Train metrics: l1_loss: 0.5722 | giou_loss: 1.1378 | total_loss: 5.1368
2025-05-21 12:04:23,774 - transvg_dino_vit_20250521_090346 - INFO - Epoch 6, Batch 1300/1696, Loss: 4.9869
2025-05-21 12:04:23,774 - transvg_dino_vit_20250521_090346 - INFO - Train metrics: l1_loss: 0.5650 | giou_loss: 1.0810 | total_loss: 4.9869
2025-05-21 12:05:26,739 - transvg_dino_vit_20250521_090346 - INFO - Epoch 6, Batch 1350/1696, Loss: 3.9897
2025-05-21 12:05:26,739 - transvg_dino_vit_20250521_090346 - INFO - Train metrics: l1_loss: 0.4390 | giou_loss: 0.8973 | total_loss: 3.9897
2025-05-21 12:06:29,842 - transvg_dino_vit_20250521_090346 - INFO - Epoch 6, Batch 1400/1696, Loss: 3.9487
2025-05-21 12:06:29,842 - transvg_dino_vit_20250521_090346 - INFO - Train metrics: l1_loss: 0.4332 | giou_loss: 0.8913 | total_loss: 3.9487
2025-05-21 12:07:32,815 - transvg_dino_vit_20250521_090346 - INFO - Epoch 6, Batch 1450/1696, Loss: 4.1193
2025-05-21 12:07:32,815 - transvg_dino_vit_20250521_090346 - INFO - Train metrics: l1_loss: 0.4676 | giou_loss: 0.8907 | total_loss: 4.1193
2025-05-21 12:08:35,802 - transvg_dino_vit_20250521_090346 - INFO - Epoch 6, Batch 1500/1696, Loss: 4.2381
2025-05-21 12:08:35,802 - transvg_dino_vit_20250521_090346 - INFO - Train metrics: l1_loss: 0.4621 | giou_loss: 0.9638 | total_loss: 4.2381
2025-05-21 12:09:38,778 - transvg_dino_vit_20250521_090346 - INFO - Epoch 6, Batch 1550/1696, Loss: 4.3123
2025-05-21 12:09:38,778 - transvg_dino_vit_20250521_090346 - INFO - Train metrics: l1_loss: 0.5102 | giou_loss: 0.8807 | total_loss: 4.3123
2025-05-21 12:10:41,759 - transvg_dino_vit_20250521_090346 - INFO - Epoch 6, Batch 1600/1696, Loss: 4.7520
2025-05-21 12:10:41,759 - transvg_dino_vit_20250521_090346 - INFO - Train metrics: l1_loss: 0.5538 | giou_loss: 0.9914 | total_loss: 4.7520
2025-05-21 12:11:44,737 - transvg_dino_vit_20250521_090346 - INFO - Epoch 6, Batch 1650/1696, Loss: 4.2473
2025-05-21 12:11:44,737 - transvg_dino_vit_20250521_090346 - INFO - Train metrics: l1_loss: 0.4472 | giou_loss: 1.0057 | total_loss: 4.2473
2025-05-21 12:12:41,276 - transvg_dino_vit_20250521_090346 - INFO - Train Epoch 6, Loss: 4.3662
2025-05-21 12:14:26,291 - transvg_dino_vit_20250521_090346 - INFO - Pred box sample: [73.04788208007812, 92.84663391113281, 260.6741638183594, 252.048583984375]
2025-05-21 12:14:26,291 - transvg_dino_vit_20250521_090346 - INFO - Target box sample: [207.0, 198.0, 287.0, 283.0]
2025-05-21 12:14:26,376 - transvg_dino_vit_20250521_090346 - INFO - Validation Epoch 6, Loss: 4.4120
2025-05-21 12:14:26,376 - transvg_dino_vit_20250521_090346 - INFO - Val metrics: Acc@0.25: 0.3299 | Acc@0.5: 0.1177 | Acc@0.75: 0.0173 | mIoU: 0.1882 | medianIoU: 0.0931 | mae_x1: 96.7745 | mae_y1: 95.2705 | mae_x2: 102.4936 | mae_y2: 93.5580 | center_x_error: 84.6014 | center_y_error: 78.7984 | width_error: 2.4426 | height_error: 2.3948 | loss: 4.4120
2025-05-21 12:14:27,348 - transvg_dino_vit_20250521_090346 - INFO - Saved model checkpoint to /home/pokle/Trans-VG/visual_grounding/checkpoints/transvg_dino_vit_20250521_090346_epoch6.pth
2025-05-21 12:14:27,349 - transvg_dino_vit_20250521_090346 - INFO - Epoch 7/200
2025-05-21 12:14:29,160 - transvg_dino_vit_20250521_090346 - INFO - Epoch 7, Batch 0/1696, Loss: 5.4807
2025-05-21 12:14:29,160 - transvg_dino_vit_20250521_090346 - INFO - Train metrics: l1_loss: 0.6319 | giou_loss: 1.1607 | total_loss: 5.4807
2025-05-21 12:15:32,184 - transvg_dino_vit_20250521_090346 - INFO - Epoch 7, Batch 50/1696, Loss: 4.4256
2025-05-21 12:15:32,184 - transvg_dino_vit_20250521_090346 - INFO - Train metrics: l1_loss: 0.4963 | giou_loss: 0.9721 | total_loss: 4.4256
2025-05-21 12:16:35,162 - transvg_dino_vit_20250521_090346 - INFO - Epoch 7, Batch 100/1696, Loss: 4.4145
2025-05-21 12:16:35,162 - transvg_dino_vit_20250521_090346 - INFO - Train metrics: l1_loss: 0.5126 | giou_loss: 0.9258 | total_loss: 4.4145
2025-05-21 12:17:38,108 - transvg_dino_vit_20250521_090346 - INFO - Epoch 7, Batch 150/1696, Loss: 4.8068
2025-05-21 12:17:38,108 - transvg_dino_vit_20250521_090346 - INFO - Train metrics: l1_loss: 0.5434 | giou_loss: 1.0450 | total_loss: 4.8068
2025-05-21 12:18:41,000 - transvg_dino_vit_20250521_090346 - INFO - Epoch 7, Batch 200/1696, Loss: 4.0420
2025-05-21 12:18:41,000 - transvg_dino_vit_20250521_090346 - INFO - Train metrics: l1_loss: 0.4214 | giou_loss: 0.9676 | total_loss: 4.0420
2025-05-21 12:19:43,859 - transvg_dino_vit_20250521_090346 - INFO - Epoch 7, Batch 250/1696, Loss: 4.2535
2025-05-21 12:19:43,859 - transvg_dino_vit_20250521_090346 - INFO - Train metrics: l1_loss: 0.4406 | giou_loss: 1.0253 | total_loss: 4.2535
2025-05-21 12:20:46,738 - transvg_dino_vit_20250521_090346 - INFO - Epoch 7, Batch 300/1696, Loss: 4.4529
2025-05-21 12:20:46,738 - transvg_dino_vit_20250521_090346 - INFO - Train metrics: l1_loss: 0.4858 | giou_loss: 1.0118 | total_loss: 4.4529
2025-05-21 12:21:49,598 - transvg_dino_vit_20250521_090346 - INFO - Epoch 7, Batch 350/1696, Loss: 4.0175
2025-05-21 12:21:49,598 - transvg_dino_vit_20250521_090346 - INFO - Train metrics: l1_loss: 0.4124 | giou_loss: 0.9777 | total_loss: 4.0175
2025-05-21 12:22:52,500 - transvg_dino_vit_20250521_090346 - INFO - Epoch 7, Batch 400/1696, Loss: 3.8642
2025-05-21 12:22:52,500 - transvg_dino_vit_20250521_090346 - INFO - Train metrics: l1_loss: 0.4179 | giou_loss: 0.8873 | total_loss: 3.8642
2025-05-21 12:23:55,478 - transvg_dino_vit_20250521_090346 - INFO - Epoch 7, Batch 450/1696, Loss: 3.5251
2025-05-21 12:23:55,478 - transvg_dino_vit_20250521_090346 - INFO - Train metrics: l1_loss: 0.3765 | giou_loss: 0.8213 | total_loss: 3.5251
2025-05-21 12:24:58,425 - transvg_dino_vit_20250521_090346 - INFO - Epoch 7, Batch 500/1696, Loss: 4.0030
2025-05-21 12:24:58,425 - transvg_dino_vit_20250521_090346 - INFO - Train metrics: l1_loss: 0.4271 | giou_loss: 0.9338 | total_loss: 4.0030
2025-05-21 12:26:01,374 - transvg_dino_vit_20250521_090346 - INFO - Epoch 7, Batch 550/1696, Loss: 4.9203
2025-05-21 12:26:01,374 - transvg_dino_vit_20250521_090346 - INFO - Train metrics: l1_loss: 0.5255 | giou_loss: 1.1465 | total_loss: 4.9203
2025-05-21 12:27:04,315 - transvg_dino_vit_20250521_090346 - INFO - Epoch 7, Batch 600/1696, Loss: 5.2021
2025-05-21 12:27:04,315 - transvg_dino_vit_20250521_090346 - INFO - Train metrics: l1_loss: 0.5841 | giou_loss: 1.1407 | total_loss: 5.2021
2025-05-21 12:28:07,277 - transvg_dino_vit_20250521_090346 - INFO - Epoch 7, Batch 650/1696, Loss: 4.3651
2025-05-21 12:28:07,277 - transvg_dino_vit_20250521_090346 - INFO - Train metrics: l1_loss: 0.5064 | giou_loss: 0.9166 | total_loss: 4.3651
2025-05-21 12:29:10,215 - transvg_dino_vit_20250521_090346 - INFO - Epoch 7, Batch 700/1696, Loss: 4.1236
2025-05-21 12:29:10,215 - transvg_dino_vit_20250521_090346 - INFO - Train metrics: l1_loss: 0.4390 | giou_loss: 0.9642 | total_loss: 4.1236
2025-05-21 12:30:13,175 - transvg_dino_vit_20250521_090346 - INFO - Epoch 7, Batch 750/1696, Loss: 3.8802
2025-05-21 12:30:13,175 - transvg_dino_vit_20250521_090346 - INFO - Train metrics: l1_loss: 0.4162 | giou_loss: 0.8995 | total_loss: 3.8802
2025-05-21 12:31:16,114 - transvg_dino_vit_20250521_090346 - INFO - Epoch 7, Batch 800/1696, Loss: 4.9496
2025-05-21 12:31:16,114 - transvg_dino_vit_20250521_090346 - INFO - Train metrics: l1_loss: 0.5877 | giou_loss: 1.0055 | total_loss: 4.9496
2025-05-21 12:32:19,071 - transvg_dino_vit_20250521_090346 - INFO - Epoch 7, Batch 850/1696, Loss: 3.6540
2025-05-21 12:32:19,071 - transvg_dino_vit_20250521_090346 - INFO - Train metrics: l1_loss: 0.3894 | giou_loss: 0.8536 | total_loss: 3.6540
2025-05-21 12:33:22,054 - transvg_dino_vit_20250521_090346 - INFO - Epoch 7, Batch 900/1696, Loss: 4.1161
2025-05-21 12:33:22,054 - transvg_dino_vit_20250521_090346 - INFO - Train metrics: l1_loss: 0.4235 | giou_loss: 0.9992 | total_loss: 4.1161
2025-05-21 12:34:24,985 - transvg_dino_vit_20250521_090346 - INFO - Epoch 7, Batch 950/1696, Loss: 4.3323
2025-05-21 12:34:24,985 - transvg_dino_vit_20250521_090346 - INFO - Train metrics: l1_loss: 0.4734 | giou_loss: 0.9826 | total_loss: 4.3323
2025-05-21 12:35:28,105 - transvg_dino_vit_20250521_090346 - INFO - Epoch 7, Batch 1000/1696, Loss: 4.9507
2025-05-21 12:35:28,105 - transvg_dino_vit_20250521_090346 - INFO - Train metrics: l1_loss: 0.5808 | giou_loss: 1.0234 | total_loss: 4.9507
2025-05-21 12:36:31,056 - transvg_dino_vit_20250521_090346 - INFO - Epoch 7, Batch 1050/1696, Loss: 4.6388
2025-05-21 12:36:31,056 - transvg_dino_vit_20250521_090346 - INFO - Train metrics: l1_loss: 0.5414 | giou_loss: 0.9658 | total_loss: 4.6388
